STRUCT,Info,3
CPU name:,Intel(R) Core(TM) i5-7500 CPU @ 3.40GHz,
CPU type:,Intel Coffeelake processor,
CPU clock:,3.407947692 GHz,
TABLE,Region marcador_newton,Group 1 Raw,FLOPS_DP,6
Region Info,Core 3,
RDTSC Runtime [s],0.009937,
call count,1,
Event,Counter,Core 3
INSTR_RETIRED_ANY,FIXC0,2060544
CPU_CLK_UNHALTED_CORE,FIXC1,1452829
CPU_CLK_UNHALTED_REF,FIXC2,1416734
FP_ARITH_INST_RETIRED_128B_PACKED_DOUBLE,PMC0,0
FP_ARITH_INST_RETIRED_SCALAR_DOUBLE,PMC1,15058
FP_ARITH_INST_RETIRED_256B_PACKED_DOUBLE,PMC2,576
TABLE,Region marcador_newton,Group 1 Metric,FLOPS_DP,9
Metric,Core 3,
Runtime (RDTSC) [s],0.0099,
Runtime unhalted [s],0.0004,
Clock [MHz],3494.7741,
CPI,0.7051,
DP MFLOP/s,1.7471,
AVX DP MFLOP/s,0.2318,
Packed MUOPS/s,0.0580,
Scalar MUOPS/s,1.5153,
Vectorization ratio,3.6843,
STRUCT,Info,3
CPU name:,Intel(R) Core(TM) i5-7500 CPU @ 3.40GHz,
CPU type:,Intel Coffeelake processor,
CPU clock:,3.407947692 GHz,
TABLE,Region jacobiana,Group 1 Raw,FLOPS_DP,6
Region Info,Core 3,
RDTSC Runtime [s],0.000004,
call count,24,
Event,Counter,Core 3
INSTR_RETIRED_ANY,FIXC0,90156
CPU_CLK_UNHALTED_CORE,FIXC1,211771
CPU_CLK_UNHALTED_REF,FIXC2,205048
FP_ARITH_INST_RETIRED_128B_PACKED_DOUBLE,PMC0,0
FP_ARITH_INST_RETIRED_SCALAR_DOUBLE,PMC1,240
FP_ARITH_INST_RETIRED_256B_PACKED_DOUBLE,PMC2,384
TABLE,Region jacobiana,Group 1 Metric,FLOPS_DP,9
Metric,Core 3,
Runtime (RDTSC) [s],3.967793e-06,
Runtime unhalted [s],0.0001,
Clock [MHz],3519.6856,
CPI,2.3489,
DP MFLOP/s,447.6040,
AVX DP MFLOP/s,387.1170,
Packed MUOPS/s,96.7792,
Scalar MUOPS/s,60.4870,
Vectorization ratio,61.5385,
STRUCT,Info,3
CPU name:,Intel(R) Core(TM) i5-7500 CPU @ 3.40GHz,
CPU type:,Intel Coffeelake processor,
CPU clock:,3.407947692 GHz,
TABLE,Region resolveSL,Group 1 Raw,FLOPS_DP,6
Region Info,Core 3,
RDTSC Runtime [s],0.000011,
call count,24,
Event,Counter,Core 3
INSTR_RETIRED_ANY,FIXC0,101832
CPU_CLK_UNHALTED_CORE,FIXC1,234696
CPU_CLK_UNHALTED_REF,FIXC2,229330
FP_ARITH_INST_RETIRED_128B_PACKED_DOUBLE,PMC0,0
FP_ARITH_INST_RETIRED_SCALAR_DOUBLE,PMC1,6216
FP_ARITH_INST_RETIRED_256B_PACKED_DOUBLE,PMC2,0
TABLE,Region resolveSL,Group 1 Metric,FLOPS_DP,9
Metric,Core 3,
Runtime (RDTSC) [s],1.084468e-05,
Runtime unhalted [s],0.0001,
Clock [MHz],3487.6889,
CPI,2.3047,
DP MFLOP/s,573.1843,
AVX DP MFLOP/s,0,
Packed MUOPS/s,0,
Scalar MUOPS/s,573.1843,
Vectorization ratio,0,
STRUCT,Info,3
CPU name:,Intel(R) Core(TM) i5-7500 CPU @ 3.40GHz,
CPU type:,Intel Coffeelake processor,
CPU clock:,3.407931962 GHz,
TABLE,Region marcador_newton,Group 1 Raw,FLOPS_DP,6
Region Info,Core 3,
RDTSC Runtime [s],0.009510,
call count,1,
Event,Counter,Core 3
INSTR_RETIRED_ANY,FIXC0,3809101
CPU_CLK_UNHALTED_CORE,FIXC1,2083501
CPU_CLK_UNHALTED_REF,FIXC2,1924810
FP_ARITH_INST_RETIRED_128B_PACKED_DOUBLE,PMC0,0
FP_ARITH_INST_RETIRED_SCALAR_DOUBLE,PMC1,28882
FP_ARITH_INST_RETIRED_256B_PACKED_DOUBLE,PMC2,1152
TABLE,Region marcador_newton,Group 1 Metric,FLOPS_DP,9
Metric,Core 3,
Runtime (RDTSC) [s],0.0095,
Runtime unhalted [s],0.0006,
Clock [MHz],3688.8990,
CPI,0.5470,
DP MFLOP/s,3.5216,
AVX DP MFLOP/s,0.4845,
Packed MUOPS/s,0.1211,
Scalar MUOPS/s,3.0370,
Vectorization ratio,3.8357,
STRUCT,Info,3
CPU name:,Intel(R) Core(TM) i5-7500 CPU @ 3.40GHz,
CPU type:,Intel Coffeelake processor,
CPU clock:,3.407931962 GHz,
TABLE,Region jacobiana,Group 1 Raw,FLOPS_DP,6
Region Info,Core 3,
RDTSC Runtime [s],0.000003,
call count,24,
Event,Counter,Core 3
INSTR_RETIRED_ANY,FIXC0,91691
CPU_CLK_UNHALTED_CORE,FIXC1,202497
CPU_CLK_UNHALTED_REF,FIXC2,187440
FP_ARITH_INST_RETIRED_128B_PACKED_DOUBLE,PMC0,0
FP_ARITH_INST_RETIRED_SCALAR_DOUBLE,PMC1,240
FP_ARITH_INST_RETIRED_256B_PACKED_DOUBLE,PMC2,768
TABLE,Region jacobiana,Group 1 Metric,FLOPS_DP,9
Metric,Core 3,
Runtime (RDTSC) [s],3.177841e-06,
Runtime unhalted [s],0.0001,
Clock [MHz],3681.6901,
CPI,2.2085,
DP MFLOP/s,1042.2170,
AVX DP MFLOP/s,966.6941,
Packed MUOPS/s,241.6735,
Scalar MUOPS/s,75.5230,
Vectorization ratio,76.1905,
STRUCT,Info,3
CPU name:,Intel(R) Core(TM) i5-7500 CPU @ 3.40GHz,
CPU type:,Intel Coffeelake processor,
CPU clock:,3.407931962 GHz,
TABLE,Region resolveSL,Group 1 Raw,FLOPS_DP,6
Region Info,Core 3,
RDTSC Runtime [s],0.000019,
call count,24,
Event,Counter,Core 3
INSTR_RETIRED_ANY,FIXC0,115656
CPU_CLK_UNHALTED_CORE,FIXC1,253565
CPU_CLK_UNHALTED_REF,FIXC2,233732
FP_ARITH_INST_RETIRED_128B_PACKED_DOUBLE,PMC0,0
FP_ARITH_INST_RETIRED_SCALAR_DOUBLE,PMC1,12360
FP_ARITH_INST_RETIRED_256B_PACKED_DOUBLE,PMC2,0
TABLE,Region resolveSL,Group 1 Metric,FLOPS_DP,9
Metric,Core 3,
Runtime (RDTSC) [s],1.859521e-05,
Runtime unhalted [s],0.0001,
Clock [MHz],3697.1072,
CPI,2.1924,
DP MFLOP/s,664.6873,
AVX DP MFLOP/s,0,
Packed MUOPS/s,0,
Scalar MUOPS/s,664.6873,
Vectorization ratio,0,
STRUCT,Info,3
CPU name:,Intel(R) Core(TM) i5-7500 CPU @ 3.40GHz,
CPU type:,Intel Coffeelake processor,
CPU clock:,3.407933616 GHz,
TABLE,Region marcador_newton,Group 1 Raw,FLOPS_DP,6
Region Info,Core 3,
RDTSC Runtime [s],0.009785,
call count,1,
Event,Counter,Core 3
INSTR_RETIRED_ANY,FIXC0,7356042
CPU_CLK_UNHALTED_CORE,FIXC1,3470502
CPU_CLK_UNHALTED_REF,FIXC2,3119314
FP_ARITH_INST_RETIRED_128B_PACKED_DOUBLE,PMC0,0
FP_ARITH_INST_RETIRED_SCALAR_DOUBLE,PMC1,56530
FP_ARITH_INST_RETIRED_256B_PACKED_DOUBLE,PMC2,2304
TABLE,Region marcador_newton,Group 1 Metric,FLOPS_DP,9
Metric,Core 3,
Runtime (RDTSC) [s],0.0098,
Runtime unhalted [s],0.0010,
Clock [MHz],3791.6159,
CPI,0.4718,
DP MFLOP/s,6.7187,
AVX DP MFLOP/s,0.9418,
Packed MUOPS/s,0.2355,
Scalar MUOPS/s,5.7769,
Vectorization ratio,3.9161,
STRUCT,Info,3
CPU name:,Intel(R) Core(TM) i5-7500 CPU @ 3.40GHz,
CPU type:,Intel Coffeelake processor,
CPU clock:,3.407933616 GHz,
TABLE,Region jacobiana,Group 1 Raw,FLOPS_DP,6
Region Info,Core 3,
RDTSC Runtime [s],0.000006,
call count,24,
Event,Counter,Core 3
INSTR_RETIRED_ANY,FIXC0,94763
CPU_CLK_UNHALTED_CORE,FIXC1,211358
CPU_CLK_UNHALTED_REF,FIXC2,188292
FP_ARITH_INST_RETIRED_128B_PACKED_DOUBLE,PMC0,0
FP_ARITH_INST_RETIRED_SCALAR_DOUBLE,PMC1,240
FP_ARITH_INST_RETIRED_256B_PACKED_DOUBLE,PMC2,1536
TABLE,Region jacobiana,Group 1 Metric,FLOPS_DP,9
Metric,Core 3,
Runtime (RDTSC) [s],5.593358e-06,
Runtime unhalted [s],0.0001,
Clock [MHz],3825.4096,
CPI,2.2304,
DP MFLOP/s,1141.3537,
AVX DP MFLOP/s,1098.4457,
Packed MUOPS/s,274.6114,
Scalar MUOPS/s,42.9080,
Vectorization ratio,86.4865,
STRUCT,Info,3
CPU name:,Intel(R) Core(TM) i5-7500 CPU @ 3.40GHz,
CPU type:,Intel Coffeelake processor,
CPU clock:,3.407933616 GHz,
TABLE,Region resolveSL,Group 1 Raw,FLOPS_DP,6
Region Info,Core 3,
RDTSC Runtime [s],0.000035,
call count,24,
Event,Counter,Core 3
INSTR_RETIRED_ANY,FIXC0,143304
CPU_CLK_UNHALTED_CORE,FIXC1,319884
CPU_CLK_UNHALTED_REF,FIXC2,288828
FP_ARITH_INST_RETIRED_128B_PACKED_DOUBLE,PMC0,0
FP_ARITH_INST_RETIRED_SCALAR_DOUBLE,PMC1,24648
FP_ARITH_INST_RETIRED_256B_PACKED_DOUBLE,PMC2,0
TABLE,Region resolveSL,Group 1 Metric,FLOPS_DP,9
Metric,Core 3,
Runtime (RDTSC) [s],3.465640e-05,
Runtime unhalted [s],0.0001,
Clock [MHz],3774.3690,
CPI,2.2322,
DP MFLOP/s,711.2106,
AVX DP MFLOP/s,0,
Packed MUOPS/s,0,
Scalar MUOPS/s,711.2106,
Vectorization ratio,0,
STRUCT,Info,3
CPU name:,Intel(R) Core(TM) i5-7500 CPU @ 3.40GHz,
CPU type:,Intel Coffeelake processor,
CPU clock:,3.407951406 GHz,
TABLE,Region marcador_newton,Group 1 Raw,FLOPS_DP,6
Region Info,Core 3,
RDTSC Runtime [s],0.010530,
call count,1,
Event,Counter,Core 3
INSTR_RETIRED_ANY,FIXC0,14613710
CPU_CLK_UNHALTED_CORE,FIXC1,6335302
CPU_CLK_UNHALTED_REF,FIXC2,5696046
FP_ARITH_INST_RETIRED_128B_PACKED_DOUBLE,PMC0,0
FP_ARITH_INST_RETIRED_SCALAR_DOUBLE,PMC1,111826
FP_ARITH_INST_RETIRED_256B_PACKED_DOUBLE,PMC2,4608
TABLE,Region marcador_newton,Group 1 Metric,FLOPS_DP,9
Metric,Core 3,
Runtime (RDTSC) [s],0.0105,
Runtime unhalted [s],0.0019,
Clock [MHz],3790.4191,
CPI,0.4335,
DP MFLOP/s,12.3699,
AVX DP MFLOP/s,1.7504,
Packed MUOPS/s,0.4376,
Scalar MUOPS/s,10.6195,
Vectorization ratio,3.9576,
STRUCT,Info,3
CPU name:,Intel(R) Core(TM) i5-7500 CPU @ 3.40GHz,
CPU type:,Intel Coffeelake processor,
CPU clock:,3.407951406 GHz,
TABLE,Region jacobiana,Group 1 Raw,FLOPS_DP,6
Region Info,Core 3,
RDTSC Runtime [s],0.000010,
call count,24,
Event,Counter,Core 3
INSTR_RETIRED_ANY,FIXC0,100907
CPU_CLK_UNHALTED_CORE,FIXC1,233851
CPU_CLK_UNHALTED_REF,FIXC2,209734
FP_ARITH_INST_RETIRED_128B_PACKED_DOUBLE,PMC0,0
FP_ARITH_INST_RETIRED_SCALAR_DOUBLE,PMC1,240
FP_ARITH_INST_RETIRED_256B_PACKED_DOUBLE,PMC2,3072
TABLE,Region jacobiana,Group 1 Metric,FLOPS_DP,9
Metric,Core 3,
Runtime (RDTSC) [s],9.965475e-06,
Runtime unhalted [s],0.0001,
Clock [MHz],3799.8267,
CPI,2.3175,
DP MFLOP/s,1257.1403,
AVX DP MFLOP/s,1233.0571,
Packed MUOPS/s,308.2643,
Scalar MUOPS/s,24.0831,
Vectorization ratio,92.7536,
STRUCT,Info,3
CPU name:,Intel(R) Core(TM) i5-7500 CPU @ 3.40GHz,
CPU type:,Intel Coffeelake processor,
CPU clock:,3.407951406 GHz,
TABLE,Region resolveSL,Group 1 Raw,FLOPS_DP,6
Region Info,Core 3,
RDTSC Runtime [s],0.000068,
call count,24,
Event,Counter,Core 3
INSTR_RETIRED_ANY,FIXC0,198600
CPU_CLK_UNHALTED_CORE,FIXC1,447798
CPU_CLK_UNHALTED_REF,FIXC2,402286
FP_ARITH_INST_RETIRED_128B_PACKED_DOUBLE,PMC0,0
FP_ARITH_INST_RETIRED_SCALAR_DOUBLE,PMC1,49224
FP_ARITH_INST_RETIRED_256B_PACKED_DOUBLE,PMC2,0
TABLE,Region resolveSL,Group 1 Metric,FLOPS_DP,9
Metric,Core 3,
Runtime (RDTSC) [s],0.0001,
Runtime unhalted [s],0.0001,
Clock [MHz],3793.5047,
CPI,2.2548,
DP MFLOP/s,724.2315,
AVX DP MFLOP/s,0,
Packed MUOPS/s,0,
Scalar MUOPS/s,724.2315,
Vectorization ratio,0,
STRUCT,Info,3
CPU name:,Intel(R) Core(TM) i5-7500 CPU @ 3.40GHz,
CPU type:,Intel Coffeelake processor,
CPU clock:,3.407975766 GHz,
TABLE,Region marcador_newton,Group 1 Raw,FLOPS_DP,6
Region Info,Core 3,
RDTSC Runtime [s],0.012101,
call count,1,
Event,Counter,Core 3
INSTR_RETIRED_ANY,FIXC0,29408530
CPU_CLK_UNHALTED_CORE,FIXC1,12332790
CPU_CLK_UNHALTED_REF,FIXC2,11084520
FP_ARITH_INST_RETIRED_128B_PACKED_DOUBLE,PMC0,0
FP_ARITH_INST_RETIRED_SCALAR_DOUBLE,PMC1,222418
FP_ARITH_INST_RETIRED_256B_PACKED_DOUBLE,PMC2,9216
TABLE,Region marcador_newton,Group 1 Metric,FLOPS_DP,9
Metric,Core 3,
Runtime (RDTSC) [s],0.0121,
Runtime unhalted [s],0.0036,
Clock [MHz],3791.7609,
CPI,0.4194,
DP MFLOP/s,21.4260,
AVX DP MFLOP/s,3.0463,
Packed MUOPS/s,0.7616,
Scalar MUOPS/s,18.3797,
Vectorization ratio,3.9787,
STRUCT,Info,3
CPU name:,Intel(R) Core(TM) i5-7500 CPU @ 3.40GHz,
CPU type:,Intel Coffeelake processor,
CPU clock:,3.407975766 GHz,
TABLE,Region jacobiana,Group 1 Raw,FLOPS_DP,6
Region Info,Core 3,
RDTSC Runtime [s],0.000020,
call count,24,
Event,Counter,Core 3
INSTR_RETIRED_ANY,FIXC0,113195
CPU_CLK_UNHALTED_CORE,FIXC1,263511
CPU_CLK_UNHALTED_REF,FIXC2,235862
FP_ARITH_INST_RETIRED_128B_PACKED_DOUBLE,PMC0,0
FP_ARITH_INST_RETIRED_SCALAR_DOUBLE,PMC1,240
FP_ARITH_INST_RETIRED_256B_PACKED_DOUBLE,PMC2,6144
TABLE,Region jacobiana,Group 1 Metric,FLOPS_DP,9
Metric,Core 3,
Runtime (RDTSC) [s],1.981294e-05,
Runtime unhalted [s],0.0001,
Clock [MHz],3807.4768,
CPI,2.3279,
DP MFLOP/s,1252.5148,
AVX DP MFLOP/s,1240.4015,
Packed MUOPS/s,310.1004,
Scalar MUOPS/s,12.1133,
Vectorization ratio,96.2406,
STRUCT,Info,3
CPU name:,Intel(R) Core(TM) i5-7500 CPU @ 3.40GHz,
CPU type:,Intel Coffeelake processor,
CPU clock:,3.407975766 GHz,
TABLE,Region resolveSL,Group 1 Raw,FLOPS_DP,6
Region Info,Core 3,
RDTSC Runtime [s],0.000134,
call count,24,
Event,Counter,Core 3
INSTR_RETIRED_ANY,FIXC0,309192
CPU_CLK_UNHALTED_CORE,FIXC1,693614
CPU_CLK_UNHALTED_REF,FIXC2,624374
FP_ARITH_INST_RETIRED_128B_PACKED_DOUBLE,PMC0,0
FP_ARITH_INST_RETIRED_SCALAR_DOUBLE,PMC1,98376
FP_ARITH_INST_RETIRED_256B_PACKED_DOUBLE,PMC2,0
TABLE,Region resolveSL,Group 1 Metric,FLOPS_DP,9
Metric,Core 3,
Runtime (RDTSC) [s],0.0001,
Runtime unhalted [s],0.0002,
Clock [MHz],3785.9035,
CPI,2.2433,
DP MFLOP/s,733.6264,
AVX DP MFLOP/s,0,
Packed MUOPS/s,0,
Scalar MUOPS/s,733.6264,
Vectorization ratio,0,
STRUCT,Info,3
CPU name:,Intel(R) Core(TM) i5-7500 CPU @ 3.40GHz,
CPU type:,Intel Coffeelake processor,
CPU clock:,3.407840238 GHz,
TABLE,Region marcador_newton,Group 1 Raw,FLOPS_DP,6
Region Info,Core 3,
RDTSC Runtime [s],0.015362,
call count,1,
Event,Counter,Core 3
INSTR_RETIRED_ANY,FIXC0,58134630
CPU_CLK_UNHALTED_CORE,FIXC1,24425380
CPU_CLK_UNHALTED_REF,FIXC2,21961580
FP_ARITH_INST_RETIRED_128B_PACKED_DOUBLE,PMC0,0
FP_ARITH_INST_RETIRED_SCALAR_DOUBLE,PMC1,433234
FP_ARITH_INST_RETIRED_256B_PACKED_DOUBLE,PMC2,18000
TABLE,Region marcador_newton,Group 1 Metric,FLOPS_DP,9
Metric,Core 3,
Runtime (RDTSC) [s],0.0154,
Runtime unhalted [s],0.0072,
Clock [MHz],3790.1550,
CPI,0.4202,
DP MFLOP/s,32.8884,
AVX DP MFLOP/s,4.6869,
Packed MUOPS/s,1.1717,
Scalar MUOPS/s,28.2016,
Vectorization ratio,3.9891,
STRUCT,Info,3
CPU name:,Intel(R) Core(TM) i5-7500 CPU @ 3.40GHz,
CPU type:,Intel Coffeelake processor,
CPU clock:,3.407840238 GHz,
TABLE,Region jacobiana,Group 1 Raw,FLOPS_DP,6
Region Info,Core 3,
RDTSC Runtime [s],0.000026,
call count,24,
Event,Counter,Core 3
INSTR_RETIRED_ANY,FIXC0,136622
CPU_CLK_UNHALTED_CORE,FIXC1,281701
CPU_CLK_UNHALTED_REF,FIXC2,252902
FP_ARITH_INST_RETIRED_128B_PACKED_DOUBLE,PMC0,0
FP_ARITH_INST_RETIRED_SCALAR_DOUBLE,PMC1,240
FP_ARITH_INST_RETIRED_256B_PACKED_DOUBLE,PMC2,12000
TABLE,Region jacobiana,Group 1 Metric,FLOPS_DP,9
Metric,Core 3,
Runtime (RDTSC) [s],2.617453e-05,
Runtime unhalted [s],0.0001,
Clock [MHz],3795.9051,
CPI,2.0619,
DP MFLOP/s,1843.0130,
AVX DP MFLOP/s,1833.8438,
Packed MUOPS/s,458.4610,
Scalar MUOPS/s,9.1692,
Vectorization ratio,98.0392,
STRUCT,Info,3
CPU name:,Intel(R) Core(TM) i5-7500 CPU @ 3.40GHz,
CPU type:,Intel Coffeelake processor,
CPU clock:,3.407840238 GHz,
TABLE,Region resolveSL,Group 1 Raw,FLOPS_DP,6
Region Info,Core 3,
RDTSC Runtime [s],0.000261,
call count,24,
Event,Counter,Core 3
INSTR_RETIRED_ANY,FIXC0,520009
CPU_CLK_UNHALTED_CORE,FIXC1,1175272
CPU_CLK_UNHALTED_REF,FIXC2,1055060
FP_ARITH_INST_RETIRED_128B_PACKED_DOUBLE,PMC0,0
FP_ARITH_INST_RETIRED_SCALAR_DOUBLE,PMC1,192072
FP_ARITH_INST_RETIRED_256B_PACKED_DOUBLE,PMC2,0
TABLE,Region resolveSL,Group 1 Metric,FLOPS_DP,9
Metric,Core 3,
Runtime (RDTSC) [s],0.0003,
Runtime unhalted [s],0.0003,
Clock [MHz],3796.1246,
CPI,2.2601,
DP MFLOP/s,734.5768,
AVX DP MFLOP/s,0,
Packed MUOPS/s,0,
Scalar MUOPS/s,734.5768,
Vectorization ratio,0,
STRUCT,Info,3
CPU name:,Intel(R) Core(TM) i5-7500 CPU @ 3.40GHz,
CPU type:,Intel Coffeelake processor,
CPU clock:,3.40793482 GHz,
TABLE,Region marcador_newton,Group 1 Raw,FLOPS_DP,6
Region Info,Core 3,
RDTSC Runtime [s],0.022482,
call count,1,
Event,Counter,Core 3
INSTR_RETIRED_ANY,FIXC0,118490000
CPU_CLK_UNHALTED_CORE,FIXC1,50382280
CPU_CLK_UNHALTED_REF,FIXC2,46457150
FP_ARITH_INST_RETIRED_128B_PACKED_DOUBLE,PMC0,0
FP_ARITH_INST_RETIRED_SCALAR_DOUBLE,PMC1,865234
FP_ARITH_INST_RETIRED_256B_PACKED_DOUBLE,PMC2,36000
TABLE,Region marcador_newton,Group 1 Metric,FLOPS_DP,9
Metric,Core 3,
Runtime (RDTSC) [s],0.0225,
Runtime unhalted [s],0.0148,
Clock [MHz],3695.8687,
CPI,0.4252,
DP MFLOP/s,44.8904,
AVX DP MFLOP/s,6.4051,
Packed MUOPS/s,1.6013,
Scalar MUOPS/s,38.4853,
Vectorization ratio,3.9945,
STRUCT,Info,3
CPU name:,Intel(R) Core(TM) i5-7500 CPU @ 3.40GHz,
CPU type:,Intel Coffeelake processor,
CPU clock:,3.40793482 GHz,
TABLE,Region jacobiana,Group 1 Raw,FLOPS_DP,6
Region Info,Core 3,
RDTSC Runtime [s],0.000055,
call count,24,
Event,Counter,Core 3
INSTR_RETIRED_ANY,FIXC0,184628
CPU_CLK_UNHALTED_CORE,FIXC1,380241
CPU_CLK_UNHALTED_REF,FIXC2,350740
FP_ARITH_INST_RETIRED_128B_PACKED_DOUBLE,PMC0,0
FP_ARITH_INST_RETIRED_SCALAR_DOUBLE,PMC1,240
FP_ARITH_INST_RETIRED_256B_PACKED_DOUBLE,PMC2,24000
TABLE,Region jacobiana,Group 1 Metric,FLOPS_DP,9
Metric,Core 3,
Runtime (RDTSC) [s],0.0001,
Runtime unhalted [s],0.0001,
Clock [MHz],3694.5787,
CPI,2.0595,
DP MFLOP/s,1760.7322,
AVX DP MFLOP/s,1756.3413,
Packed MUOPS/s,439.0853,
Scalar MUOPS/s,4.3909,
Vectorization ratio,99.0099,
STRUCT,Info,3
CPU name:,Intel(R) Core(TM) i5-7500 CPU @ 3.40GHz,
CPU type:,Intel Coffeelake processor,
CPU clock:,3.40793482 GHz,
TABLE,Region resolveSL,Group 1 Raw,FLOPS_DP,6
Region Info,Core 3,
RDTSC Runtime [s],0.000536,
call count,24,
Event,Counter,Core 3
INSTR_RETIRED_ANY,FIXC0,952011
CPU_CLK_UNHALTED_CORE,FIXC1,2170736
CPU_CLK_UNHALTED_REF,FIXC2,2002200
FP_ARITH_INST_RETIRED_128B_PACKED_DOUBLE,PMC0,0
FP_ARITH_INST_RETIRED_SCALAR_DOUBLE,PMC1,384072
FP_ARITH_INST_RETIRED_256B_PACKED_DOUBLE,PMC2,0
TABLE,Region resolveSL,Group 1 Metric,FLOPS_DP,9
Metric,Core 3,
Runtime (RDTSC) [s],0.0005,
Runtime unhalted [s],0.0006,
Clock [MHz],3694.7991,
CPI,2.2802,
DP MFLOP/s,716.4484,
AVX DP MFLOP/s,0,
Packed MUOPS/s,0,
Scalar MUOPS/s,716.4484,
Vectorization ratio,0,
STRUCT,Info,3
CPU name:,Intel(R) Core(TM) i5-7500 CPU @ 3.40GHz,
CPU type:,Intel Coffeelake processor,
CPU clock:,3.407971939 GHz,
TABLE,Region marcador_newton,Group 1 Raw,FLOPS_DP,6
Region Info,Core 3,
RDTSC Runtime [s],0.037468,
call count,1,
Event,Counter,Core 3
INSTR_RETIRED_ANY,FIXC0,241729100
CPU_CLK_UNHALTED_CORE,FIXC1,105111500
CPU_CLK_UNHALTED_REF,FIXC2,95922420
FP_ARITH_INST_RETIRED_128B_PACKED_DOUBLE,PMC0,0
FP_ARITH_INST_RETIRED_SCALAR_DOUBLE,PMC1,1729234
FP_ARITH_INST_RETIRED_256B_PACKED_DOUBLE,PMC2,72000
TABLE,Region marcador_newton,Group 1 Metric,FLOPS_DP,9
Metric,Core 3,
Runtime (RDTSC) [s],0.0375,
Runtime unhalted [s],0.0308,
Clock [MHz],3734.4454,
CPI,0.4348,
DP MFLOP/s,53.8383,
AVX DP MFLOP/s,7.6865,
Packed MUOPS/s,1.9216,
Scalar MUOPS/s,46.1518,
Vectorization ratio,3.9973,
STRUCT,Info,3
CPU name:,Intel(R) Core(TM) i5-7500 CPU @ 3.40GHz,
CPU type:,Intel Coffeelake processor,
CPU clock:,3.407971939 GHz,
TABLE,Region jacobiana,Group 1 Raw,FLOPS_DP,6
Region Info,Core 3,
RDTSC Runtime [s],0.000180,
call count,24,
Event,Counter,Core 3
INSTR_RETIRED_ANY,FIXC0,280640
CPU_CLK_UNHALTED_CORE,FIXC1,640328
CPU_CLK_UNHALTED_REF,FIXC2,579502
FP_ARITH_INST_RETIRED_128B_PACKED_DOUBLE,PMC0,0
FP_ARITH_INST_RETIRED_SCALAR_DOUBLE,PMC1,240
FP_ARITH_INST_RETIRED_256B_PACKED_DOUBLE,PMC2,48000
TABLE,Region jacobiana,Group 1 Metric,FLOPS_DP,9
Metric,Core 3,
Runtime (RDTSC) [s],0.0002,
Runtime unhalted [s],0.0002,
Clock [MHz],3765.6813,
CPI,2.2817,
DP MFLOP/s,1066.3359,
AVX DP MFLOP/s,1065.0047,
Packed MUOPS/s,266.2512,
Scalar MUOPS/s,1.3313,
Vectorization ratio,99.5025,
STRUCT,Info,3
CPU name:,Intel(R) Core(TM) i5-7500 CPU @ 3.40GHz,
CPU type:,Intel Coffeelake processor,
CPU clock:,3.407971939 GHz,
TABLE,Region resolveSL,Group 1 Raw,FLOPS_DP,6
Region Info,Core 3,
RDTSC Runtime [s],0.001054,
call count,24,
Event,Counter,Core 3
INSTR_RETIRED_ANY,FIXC0,1816015
CPU_CLK_UNHALTED_CORE,FIXC1,4152557
CPU_CLK_UNHALTED_REF,FIXC2,3770668
FP_ARITH_INST_RETIRED_128B_PACKED_DOUBLE,PMC0,0
FP_ARITH_INST_RETIRED_SCALAR_DOUBLE,PMC1,768072
FP_ARITH_INST_RETIRED_256B_PACKED_DOUBLE,PMC2,0
TABLE,Region resolveSL,Group 1 Metric,FLOPS_DP,9
Metric,Core 3,
Runtime (RDTSC) [s],0.0011,
Runtime unhalted [s],0.0012,
Clock [MHz],3753.1275,
CPI,2.2866,
DP MFLOP/s,728.5524,
AVX DP MFLOP/s,0,
Packed MUOPS/s,0,
Scalar MUOPS/s,728.5524,
Vectorization ratio,0,
STRUCT,Info,3
CPU name:,Intel(R) Core(TM) i5-7500 CPU @ 3.40GHz,
CPU type:,Intel Coffeelake processor,
CPU clock:,3.407937318 GHz,
TABLE,Region marcador_newton,Group 1 Raw,FLOPS_DP,6
Region Info,Core 3,
RDTSC Runtime [s],0.084350,
call count,1,
Event,Counter,Core 3
INSTR_RETIRED_ANY,FIXC0,493219300
CPU_CLK_UNHALTED_CORE,FIXC1,219315000
CPU_CLK_UNHALTED_REF,FIXC2,246736800
FP_ARITH_INST_RETIRED_128B_PACKED_DOUBLE,PMC0,0
FP_ARITH_INST_RETIRED_SCALAR_DOUBLE,PMC1,3457234
FP_ARITH_INST_RETIRED_256B_PACKED_DOUBLE,PMC2,144000
TABLE,Region marcador_newton,Group 1 Metric,FLOPS_DP,9
Metric,Core 3,
Runtime (RDTSC) [s],0.0844,
Runtime unhalted [s],0.0644,
Clock [MHz],3029.1865,
CPI,0.4447,
DP MFLOP/s,47.8153,
AVX DP MFLOP/s,6.8287,
Packed MUOPS/s,1.7072,
Scalar MUOPS/s,40.9866,
Vectorization ratio,3.9986,
STRUCT,Info,3
CPU name:,Intel(R) Core(TM) i5-7500 CPU @ 3.40GHz,
CPU type:,Intel Coffeelake processor,
CPU clock:,3.407937318 GHz,
TABLE,Region jacobiana,Group 1 Raw,FLOPS_DP,6
Region Info,Core 3,
RDTSC Runtime [s],0.000365,
call count,24,
Event,Counter,Core 3
INSTR_RETIRED_ANY,FIXC0,472663
CPU_CLK_UNHALTED_CORE,FIXC1,1069657
CPU_CLK_UNHALTED_REF,FIXC2,1185132
FP_ARITH_INST_RETIRED_128B_PACKED_DOUBLE,PMC0,0
FP_ARITH_INST_RETIRED_SCALAR_DOUBLE,PMC1,240
FP_ARITH_INST_RETIRED_256B_PACKED_DOUBLE,PMC2,96000
TABLE,Region jacobiana,Group 1 Metric,FLOPS_DP,9
Metric,Core 3,
Runtime (RDTSC) [s],0.0004,
Runtime unhalted [s],0.0003,
Clock [MHz],3075.8802,
CPI,2.2630,
DP MFLOP/s,1051.6428,
AVX DP MFLOP/s,1050.9860,
Packed MUOPS/s,262.7465,
Scalar MUOPS/s,0.6569,
Vectorization ratio,99.7506,
STRUCT,Info,3
CPU name:,Intel(R) Core(TM) i5-7500 CPU @ 3.40GHz,
CPU type:,Intel Coffeelake processor,
CPU clock:,3.407937318 GHz,
TABLE,Region resolveSL,Group 1 Raw,FLOPS_DP,6
Region Info,Core 3,
RDTSC Runtime [s],0.002514,
call count,24,
Event,Counter,Core 3
INSTR_RETIRED_ANY,FIXC0,3544022
CPU_CLK_UNHALTED_CORE,FIXC1,8086404
CPU_CLK_UNHALTED_REF,FIXC2,8696932
FP_ARITH_INST_RETIRED_128B_PACKED_DOUBLE,PMC0,0
FP_ARITH_INST_RETIRED_SCALAR_DOUBLE,PMC1,1536072
FP_ARITH_INST_RETIRED_256B_PACKED_DOUBLE,PMC2,0
TABLE,Region resolveSL,Group 1 Metric,FLOPS_DP,9
Metric,Core 3,
Runtime (RDTSC) [s],0.0025,
Runtime unhalted [s],0.0024,
Clock [MHz],3168.6988,
CPI,2.2817,
DP MFLOP/s,610.9792,
AVX DP MFLOP/s,0,
Packed MUOPS/s,0,
Scalar MUOPS/s,610.9792,
Vectorization ratio,0,
STRUCT,Info,3
CPU name:,Intel(R) Core(TM) i5-7500 CPU @ 3.40GHz,
CPU type:,Intel Coffeelake processor,
CPU clock:,3.407846507 GHz,
TABLE,Region marcador_newton,Group 1 Raw,FLOPS_DP,6
Region Info,Core 3,
RDTSC Runtime [s],0.076014,
call count,1,
Event,Counter,Core 3
INSTR_RETIRED_ANY,FIXC0,556744900
CPU_CLK_UNHALTED_CORE,FIXC1,248808100
CPU_CLK_UNHALTED_REF,FIXC2,225253900
FP_ARITH_INST_RETIRED_128B_PACKED_DOUBLE,PMC0,0
FP_ARITH_INST_RETIRED_SCALAR_DOUBLE,PMC1,3889234
FP_ARITH_INST_RETIRED_256B_PACKED_DOUBLE,PMC2,162000
TABLE,Region marcador_newton,Group 1 Metric,FLOPS_DP,9
Metric,Core 3,
Runtime (RDTSC) [s],0.0760,
Runtime unhalted [s],0.0730,
Clock [MHz],3764.1959,
CPI,0.4469,
DP MFLOP/s,59.6894,
AVX DP MFLOP/s,8.5247,
Packed MUOPS/s,2.1312,
Scalar MUOPS/s,51.1647,
Vectorization ratio,3.9988,
STRUCT,Info,3
CPU name:,Intel(R) Core(TM) i5-7500 CPU @ 3.40GHz,
CPU type:,Intel Coffeelake processor,
CPU clock:,3.407846507 GHz,
TABLE,Region jacobiana,Group 1 Raw,FLOPS_DP,6
Region Info,Core 3,
RDTSC Runtime [s],0.000285,
call count,24,
Event,Counter,Core 3
INSTR_RETIRED_ANY,FIXC0,520669
CPU_CLK_UNHALTED_CORE,FIXC1,1150334
CPU_CLK_UNHALTED_REF,FIXC2,1038730
FP_ARITH_INST_RETIRED_128B_PACKED_DOUBLE,PMC0,0
FP_ARITH_INST_RETIRED_SCALAR_DOUBLE,PMC1,240
FP_ARITH_INST_RETIRED_256B_PACKED_DOUBLE,PMC2,108000
TABLE,Region jacobiana,Group 1 Metric,FLOPS_DP,9
Metric,Core 3,
Runtime (RDTSC) [s],0.0003,
Runtime unhalted [s],0.0003,
Clock [MHz],3773.9949,
CPI,2.2093,
DP MFLOP/s,1515.5393,
AVX DP MFLOP/s,1514.6978,
Packed MUOPS/s,378.6745,
Scalar MUOPS/s,0.8415,
Vectorization ratio,99.7783,
STRUCT,Info,3
CPU name:,Intel(R) Core(TM) i5-7500 CPU @ 3.40GHz,
CPU type:,Intel Coffeelake processor,
CPU clock:,3.407846507 GHz,
TABLE,Region resolveSL,Group 1 Raw,FLOPS_DP,6
Region Info,Core 3,
RDTSC Runtime [s],0.002359,
call count,24,
Event,Counter,Core 3
INSTR_RETIRED_ANY,FIXC0,3976024
CPU_CLK_UNHALTED_CORE,FIXC1,9070700
CPU_CLK_UNHALTED_REF,FIXC2,8189282
FP_ARITH_INST_RETIRED_128B_PACKED_DOUBLE,PMC0,0
FP_ARITH_INST_RETIRED_SCALAR_DOUBLE,PMC1,1728072
FP_ARITH_INST_RETIRED_256B_PACKED_DOUBLE,PMC2,0
TABLE,Region resolveSL,Group 1 Metric,FLOPS_DP,9
Metric,Core 3,
Runtime (RDTSC) [s],0.0024,
Runtime unhalted [s],0.0027,
Clock [MHz],3774.6353,
CPI,2.2813,
DP MFLOP/s,732.6111,
AVX DP MFLOP/s,0,
Packed MUOPS/s,0,
Scalar MUOPS/s,732.6111,
Vectorization ratio,0,
STRUCT,Info,3
CPU name:,Intel(R) Core(TM) i5-7500 CPU @ 3.40GHz,
CPU type:,Intel Coffeelake processor,
CPU clock:,3.407969354 GHz,
TABLE,Region marcador_newton,Group 1 Raw,FLOPS_DP,6
Region Info,Core 3,
RDTSC Runtime [s],0.098831,
call count,1,
Event,Counter,Core 3
INSTR_RETIRED_ANY,FIXC0,620349000
CPU_CLK_UNHALTED_CORE,FIXC1,277809000
CPU_CLK_UNHALTED_REF,FIXC2,295443600
FP_ARITH_INST_RETIRED_128B_PACKED_DOUBLE,PMC0,0
FP_ARITH_INST_RETIRED_SCALAR_DOUBLE,PMC1,4321234
FP_ARITH_INST_RETIRED_256B_PACKED_DOUBLE,PMC2,180000
TABLE,Region marcador_newton,Group 1 Metric,FLOPS_DP,9
Metric,Core 3,
Runtime (RDTSC) [s],0.0988,
Runtime unhalted [s],0.0815,
Clock [MHz],3204.5526,
CPI,0.4478,
DP MFLOP/s,51.0087,
AVX DP MFLOP/s,7.2852,
Packed MUOPS/s,1.8213,
Scalar MUOPS/s,43.7236,
Vectorization ratio,3.9989,
STRUCT,Info,3
CPU name:,Intel(R) Core(TM) i5-7500 CPU @ 3.40GHz,
CPU type:,Intel Coffeelake processor,
CPU clock:,3.407969354 GHz,
TABLE,Region jacobiana,Group 1 Raw,FLOPS_DP,6
Region Info,Core 3,
RDTSC Runtime [s],0.000458,
call count,24,
Event,Counter,Core 3
INSTR_RETIRED_ANY,FIXC0,568674
CPU_CLK_UNHALTED_CORE,FIXC1,1277274
CPU_CLK_UNHALTED_REF,FIXC2,1405658
FP_ARITH_INST_RETIRED_128B_PACKED_DOUBLE,PMC0,0
FP_ARITH_INST_RETIRED_SCALAR_DOUBLE,PMC1,240
FP_ARITH_INST_RETIRED_256B_PACKED_DOUBLE,PMC2,120000
TABLE,Region jacobiana,Group 1 Metric,FLOPS_DP,9
Metric,Core 3,
Runtime (RDTSC) [s],0.0005,
Runtime unhalted [s],0.0004,
Clock [MHz],3096.7068,
CPI,2.2461,
DP MFLOP/s,1048.5770,
AVX DP MFLOP/s,1048.0530,
Packed MUOPS/s,262.0133,
Scalar MUOPS/s,0.5240,
Vectorization ratio,99.8004,
STRUCT,Info,3
CPU name:,Intel(R) Core(TM) i5-7500 CPU @ 3.40GHz,
CPU type:,Intel Coffeelake processor,
CPU clock:,3.407969354 GHz,
TABLE,Region resolveSL,Group 1 Raw,FLOPS_DP,6
Region Info,Core 3,
RDTSC Runtime [s],0.003160,
call count,24,
Event,Counter,Core 3
INSTR_RETIRED_ANY,FIXC0,4408030
CPU_CLK_UNHALTED_CORE,FIXC1,10062790
CPU_CLK_UNHALTED_REF,FIXC2,10403910
FP_ARITH_INST_RETIRED_128B_PACKED_DOUBLE,PMC0,0
FP_ARITH_INST_RETIRED_SCALAR_DOUBLE,PMC1,1920072
FP_ARITH_INST_RETIRED_256B_PACKED_DOUBLE,PMC2,0
TABLE,Region resolveSL,Group 1 Metric,FLOPS_DP,9
Metric,Core 3,
Runtime (RDTSC) [s],0.0032,
Runtime unhalted [s],0.0030,
Clock [MHz],3296.2300,
CPI,2.2828,
DP MFLOP/s,607.6350,
AVX DP MFLOP/s,0,
Packed MUOPS/s,0,
Scalar MUOPS/s,607.6350,
Vectorization ratio,0,
STRUCT,Info,3
CPU name:,Intel(R) Core(TM) i5-7500 CPU @ 3.40GHz,
CPU type:,Intel Coffeelake processor,
CPU clock:,3.407968055 GHz,
TABLE,Region marcador_newton,Group 1 Raw,FLOPS_DP,6
Region Info,Core 3,
RDTSC Runtime [s],0.179174,
call count,1,
Event,Counter,Core 3
INSTR_RETIRED_ANY,FIXC0,1271215000
CPU_CLK_UNHALTED_CORE,FIXC1,585602100
CPU_CLK_UNHALTED_REF,FIXC2,568443900
FP_ARITH_INST_RETIRED_128B_PACKED_DOUBLE,PMC0,0
FP_ARITH_INST_RETIRED_SCALAR_DOUBLE,PMC1,8641234
FP_ARITH_INST_RETIRED_256B_PACKED_DOUBLE,PMC2,360000
TABLE,Region marcador_newton,Group 1 Metric,FLOPS_DP,9
Metric,Core 3,
Runtime (RDTSC) [s],0.1792,
Runtime unhalted [s],0.1718,
Clock [MHz],3510.8359,
CPI,0.4607,
DP MFLOP/s,56.2649,
AVX DP MFLOP/s,8.0369,
Packed MUOPS/s,2.0092,
Scalar MUOPS/s,48.2281,
Vectorization ratio,3.9995,
STRUCT,Info,3
CPU name:,Intel(R) Core(TM) i5-7500 CPU @ 3.40GHz,
CPU type:,Intel Coffeelake processor,
CPU clock:,3.407968055 GHz,
TABLE,Region jacobiana,Group 1 Raw,FLOPS_DP,6
Region Info,Core 3,
RDTSC Runtime [s],0.001055,
call count,24,
Event,Counter,Core 3
INSTR_RETIRED_ANY,FIXC0,1048736
CPU_CLK_UNHALTED_CORE,FIXC1,2953883
CPU_CLK_UNHALTED_REF,FIXC2,2985124
FP_ARITH_INST_RETIRED_128B_PACKED_DOUBLE,PMC0,0
FP_ARITH_INST_RETIRED_SCALAR_DOUBLE,PMC1,240
FP_ARITH_INST_RETIRED_256B_PACKED_DOUBLE,PMC2,240000
TABLE,Region jacobiana,Group 1 Metric,FLOPS_DP,9
Metric,Core 3,
Runtime (RDTSC) [s],0.0011,
Runtime unhalted [s],0.0009,
Clock [MHz],3372.3018,
CPI,2.8166,
DP MFLOP/s,910.4511,
AVX DP MFLOP/s,910.2235,
Packed MUOPS/s,227.5559,
Scalar MUOPS/s,0.2276,
Vectorization ratio,99.9001,
STRUCT,Info,3
CPU name:,Intel(R) Core(TM) i5-7500 CPU @ 3.40GHz,
CPU type:,Intel Coffeelake processor,
CPU clock:,3.407968055 GHz,
TABLE,Region resolveSL,Group 1 Raw,FLOPS_DP,6
Region Info,Core 3,
RDTSC Runtime [s],0.005924,
call count,24,
Event,Counter,Core 3
INSTR_RETIRED_ANY,FIXC0,8728047
CPU_CLK_UNHALTED_CORE,FIXC1,20313630
CPU_CLK_UNHALTED_REF,FIXC2,20109330
FP_ARITH_INST_RETIRED_128B_PACKED_DOUBLE,PMC0,0
FP_ARITH_INST_RETIRED_SCALAR_DOUBLE,PMC1,3840072
FP_ARITH_INST_RETIRED_256B_PACKED_DOUBLE,PMC2,0
TABLE,Region resolveSL,Group 1 Metric,FLOPS_DP,9
Metric,Core 3,
Runtime (RDTSC) [s],0.0059,
Runtime unhalted [s],0.0060,
Clock [MHz],3442.5912,
CPI,2.3274,
DP MFLOP/s,648.1683,
AVX DP MFLOP/s,0,
Packed MUOPS/s,0,
Scalar MUOPS/s,648.1683,
Vectorization ratio,0,
